
> preet-english-ultimate@2.1.0 test
> jest tests/server/routes.test.ts --no-cache --runInBand

node.exe : ts-jest[config] (WARN) 
At line:1 char:1
+ & "C:\Program Files\nodejs/node.exe" "C:\Program Files\nodejs/node_mo ...
+ ~~~~~~~~~~~~~~~~~~~~~~~~~~~~~~~~~~~~~~~~~~~~~~~~~~~~~~~~~~~~~~~~~~~~~
    + CategoryInfo          : NotSpecified: (ts-jest[config] (WARN) :String) [], RemoteException
    + FullyQualifiedErrorId : NativeCommandError
 
    The "ts-jest" config option "isolatedModules" is deprecated and will be removed in v30.0.0. Please use "isolatedModules: true" in 
C:/Users/Rajkumar/PREET_ENGLISH/tsconfig.json instead, see https://www.typescriptlang.org/tsconfig/#isolatedModules
  
  console.log
    [dotenv@17.2.3] injecting env (0) from .env.test -- tip: Γ£à audit secrets and track compliance: https://dotenvx.com/ops

      at _log (node_modules/dotenv/lib/main.js:142:11)

  console.log
    [dotenv@17.2.3] injecting env (0) from .env -- tip: ΓÜÖ∩╕Å  enable debug logging with { debug: true }

      at _log (node_modules/dotenv/lib/main.js:142:11)

FAIL tests/server/routes.test.ts
  server/routes API
    ΓêÜ GET /api/lessons returns lessons (19 ms)
    ΓêÜ GET /api/lessons/:id returns 404 when not found (4 ms)
    ├ù POST /api/lessons creates lesson (15 ms)
    ├ù POST /api/lessons/:id/complete marks progress (5 ms)
    ├ù GET /api/quizzes returns quizzes (6 ms)
    ΓêÜ GET /api/users/stats returns 404 when stats missing (6 ms)
    ├ù PUT /api/users/stats updates stats (3 ms)

  ΓùÅ server/routes API ΓÇ║ POST /api/lessons creates lesson

    expect(received).toBe(expected) // Object.is equality

    Expected: 201
    Received: 404

    [0m [90m 121 |[39m
     [90m 122 |[39m     [36mconst[39m res [33m=[39m [36mawait[39m 
request(app)[33m.[39mpost([32m'/api/lessons'[39m)[33m.[39msend(payload)[33m;[39m
    [31m[1m>[22m[39m[90m 123 |[39m     expect(res[33m.[39mstatus)[33m.[39mtoBe([35m201[39m)[33m;[39m
     [90m     |[39m                        [31m[1m^[22m[39m
     [90m 124 |[39m     expect(res[33m.[39mbody[33m.[39mslug)[33m.[39mtoBe([32m'new'[39m)[33m;[39m
     [90m 125 |[39m   })[33m;[39m
     [90m 126 |[39m[0m

      at tests/server/routes.test.ts:123:24
      at fulfilled (tests/server/routes.test.ts:5:58)

  ΓùÅ server/routes API ΓÇ║ POST /api/lessons/:id/complete marks progress

    expect(received).toBe(expected) // Object.is equality

    Expected: 200
    Received: 404

    [0m [90m 128 |[39m     [36mconst[39m app [33m=[39m [36mawait[39m setup()[33m;[39m
     [90m 129 |[39m     [36mconst[39m res [33m=[39m [36mawait[39m 
request(app)[33m.[39mpost([32m'/api/lessons/1/complete'[39m)[33m.[39msend({ completed[33m:[39m [36mtrue[39m })[33m;[39m
    [31m[1m>[22m[39m[90m 130 |[39m     expect(res[33m.[39mstatus)[33m.[39mtoBe([35m200[39m)[33m;[39m
     [90m     |[39m                        [31m[1m^[22m[39m
     [90m 131 |[39m     expect(res[33m.[39mbody[33m.[39mlessonId)[33m.[39mtoBe([35m1[39m)[33m;[39m
     [90m 132 |[39m     expect(res[33m.[39mbody[33m.[39mcompleted)[33m.[39mtoBe([36mtrue[39m)[33m;[39m
     [90m 133 |[39m   })[33m;[39m[0m

      at tests/server/routes.test.ts:130:24
      at fulfilled (tests/server/routes.test.ts:5:58)

  ΓùÅ server/routes API ΓÇ║ GET /api/quizzes returns quizzes

    expect(received).toBe(expected) // Object.is equality

    Expected: 200
    Received: 404

    [0m [90m 136 |[39m     [36mconst[39m app [33m=[39m [36mawait[39m setup()[33m;[39m
     [90m 137 |[39m     [36mconst[39m res [33m=[39m [36mawait[39m 
request(app)[33m.[39m[36mget[39m([32m'/api/quizzes'[39m)[33m;[39m
    [31m[1m>[22m[39m[90m 138 |[39m     expect(res[33m.[39mstatus)[33m.[39mtoBe([35m200[39m)[33m;[39m
     [90m     |[39m                        [31m[1m^[22m[39m
     [90m 139 |[39m     expect([33mArray[39m[33m.[39misArray(res[33m.[39mbody))[33m.[39mtoBe([36mtrue[39m)[33m;[39m
     [90m 140 |[39m   })[33m;[39m
     [90m 141 |[39m[0m

      at tests/server/routes.test.ts:138:24
      at fulfilled (tests/server/routes.test.ts:5:58)

  ΓùÅ server/routes API ΓÇ║ PUT /api/users/stats updates stats

    expect(received).toBe(expected) // Object.is equality

    Expected: 200
    Received: 404

    [0m [90m 149 |[39m     [36mconst[39m app [33m=[39m [36mawait[39m setup()[33m;[39m
     [90m 150 |[39m     [36mconst[39m res [33m=[39m [36mawait[39m 
request(app)[33m.[39mput([32m'/api/users/stats'[39m)[33m.[39msend({ xpPoints[33m:[39m [35m10[39m })[33m;[39m
    [31m[1m>[22m[39m[90m 151 |[39m     expect(res[33m.[39mstatus)[33m.[39mtoBe([35m200[39m)[33m;[39m
     [90m     |[39m                        [31m[1m^[22m[39m
     [90m 152 |[39m     expect(res[33m.[39mbody[33m.[39mxpPoints)[33m.[39mtoBe([35m10[39m)[33m;[39m
     [90m 153 |[39m   })[33m;[39m
     [90m 154 |[39m })[33m;[39m[0m

      at tests/server/routes.test.ts:151:24
      at fulfilled (tests/server/routes.test.ts:5:58)

Test Suites: 1 failed, 1 total
Tests:       4 failed, 3 passed, 7 total
Snapshots:   0 total
Time:        0.841 s
Ran all test suites matching tests/server/routes.test.ts.
